// Jest Snapshot v1, https://goo.gl/fbAQLP

exports[`Test for QuizResultsViewController renders correctly when there are no items 1`] = `
<div>
  <div
    className="MuiBox-root css-ahbfdj"
  >
    <div
      className="MuiPaper-root MuiPaper-elevation MuiPaper-rounded MuiPaper-elevation1 MuiCard-root ForwardRef(Card)-root-2 css-bhp9pd-MuiPaper-root-MuiCard-root"
    >
      <div
        className="MuiCardHeader-root css-185gdzj-MuiCardHeader-root"
      >
        <div
          className="MuiCardHeader-avatar css-1ssile9-MuiCardHeader-avatar"
        >
          <img
            src="icon.png"
            style={
              Object {
                "paddingLeft": "25%",
              }
            }
          />
        </div>
        <div
          className="MuiCardHeader-content css-1qbkelo-MuiCardHeader-content"
        >
          <h3
            className="MuiTypography-root MuiTypography-h3 css-1m6imez-MuiTypography-root"
          >
            Your Score!
          </h3>
        </div>
      </div>
      <h1
        className="MuiTypography-root MuiTypography-h1 css-gq6uzy-MuiTypography-root"
      >
        0
      </h1>
    </div>
     
  </div>
</div>
`;

exports[`Test for QuizResultsViewController renders correctly when there are quiz given items 1`] = `
<div>
  <div
    className="MuiBox-root css-ahbfdj"
  >
    <div
      className="MuiPaper-root MuiPaper-elevation MuiPaper-rounded MuiPaper-elevation1 MuiCard-root ForwardRef(Card)-root-2 css-bhp9pd-MuiPaper-root-MuiCard-root"
    >
      <div
        className="MuiCardHeader-root css-185gdzj-MuiCardHeader-root"
      >
        <div
          className="MuiCardHeader-avatar css-1ssile9-MuiCardHeader-avatar"
        >
          <img
            src="icon.png"
            style={
              Object {
                "paddingLeft": "25%",
              }
            }
          />
        </div>
        <div
          className="MuiCardHeader-content css-1qbkelo-MuiCardHeader-content"
        >
          <h3
            className="MuiTypography-root MuiTypography-h3 css-1m6imez-MuiTypography-root"
          >
            Your Score!
          </h3>
        </div>
      </div>
      <h1
        className="MuiTypography-root MuiTypography-h1 css-gq6uzy-MuiTypography-root"
      >
        0
      </h1>
    </div>
     
  </div>
</div>
`;
